npm warn Unknown env config "enable-pre-post-scripts". This will stop working in the next major version of npm.
npm warn Unknown env config "verify-deps-before-run". This will stop working in the next major version of npm.
npm warn Unknown env config "_jsr-registry". This will stop working in the next major version of npm.
npm warn Unknown project config "enable-pre-post-scripts". This will stop working in the next major version of npm.
npm warn Unknown project config "public-hoist-pattern". This will stop working in the next major version of npm.

[1m[46m RUN [49m[22m [36mv3.2.4 [39m[90mD:/work/ai-agent-v2[39m

 [31m❯[39m src/tool/index.test.ts [2m([22m[2m13 tests[22m[2m | [22m[31m7 failed[39m[2m)[22m[32m 14[2mms[22m[39m
[31m   [31m×[31m ToolRegistry[2m > [22mshould have bash tool registered by default[39m[32m 6[2mms[22m[39m
[31m     → Tool "bash" is already registered[39m
   [32m✓[39m ToolRegistry[2m > [22mshould register a new tool[32m 1[2mms[22m[39m
[31m   [31m×[31m ToolRegistry[2m > [22mshould throw when registering duplicate tool[39m[32m 0[2mms[22m[39m
[31m     → Tool "test" is already registered[39m
[31m   [31m×[31m ToolRegistry[2m > [22mshould unregister a tool[39m[32m 0[2mms[22m[39m
[31m     → Tool "test" is already registered[39m
   [32m✓[39m ToolRegistry[2m > [22mshould return undefined for unregistered tool[32m 0[2mms[22m[39m
[31m   [31m×[31m ToolRegistry[2m > [22mshould get all tools[39m[32m 0[2mms[22m[39m
[31m     → Tool "test" is already registered[39m
   [32m✓[39m ToolRegistry[2m > [22mshould get tool schemas[32m 3[2mms[22m[39m
   [32m✓[39m ToolRegistry[2m > [22mshould return schemas in OpenAI function calling format[32m 1[2mms[22m[39m
[31m   [31m×[31m ToolRegistry[2m > [22mshould execute tool via registry[39m[32m 0[2mms[22m[39m
[31m     → Tool "test" is already registered[39m
   [32m✓[39m ToolRegistry[2m > [22mshould return error for non-existent tool[32m 0[2mms[22m[39m
[31m   [31m×[31m ToolRegistry[2m > [22mshould return error for invalid args[39m[32m 0[2mms[22m[39m
[31m     → Tool "test" is already registered[39m
[31m   [31m×[31m ToolRegistry[2m > [22mshould report correct size[39m[32m 0[2mms[22m[39m
[31m     → Tool "test" is already registered[39m
   [32m✓[39m ToolRegistry[2m > [22mshould clear all tools[32m 0[2mms[22m[39m

[31m⎯⎯⎯⎯⎯⎯⎯[39m[1m[41m Failed Tests 7 [49m[22m[31m⎯⎯⎯⎯⎯⎯⎯[39m

[41m[1m FAIL [22m[49m src/tool/index.test.ts[2m > [22mToolRegistry[2m > [22mshould have bash tool registered by default
[31m[1mError[22m: Tool "bash" is already registered[39m
[36m [2m❯[22m Function.register src/tool/registry.ts:[2m54:23[22m[39m
    [90m 52| [39m        [35mfor[39m ([35mconst[39m t [35mof[39m tools) {
    [90m 53| [39m            [35mif[39m ([35mthis[39m[33m.[39mtools[33m.[39m[34mhas[39m(t[33m.[39mname)) {
    [90m 54| [39m                throw new Error(`Tool "${t.name}" is already registere…
    [90m   | [39m                      [31m^[39m
    [90m 55| [39m            }
    [90m 56| [39m            [35mthis[39m[33m.[39mtools[33m.[39m[35mset[39m(t[33m.[39mname[33m,[39m t)[33m;[39m
[90m [2m❯[22m registerDefaultTools src/tool/index.ts:[2m54:18[22m[39m
[90m [2m❯[22m src/tool/index.test.ts:[2m37:9[22m[39m

[31m[2m⎯⎯⎯⎯⎯⎯⎯⎯⎯⎯⎯⎯⎯⎯⎯⎯⎯⎯⎯⎯⎯⎯⎯⎯[1/7]⎯[22m[39m

[41m[1m FAIL [22m[49m src/tool/index.test.ts[2m > [22mToolRegistry[2m > [22mshould throw when registering duplicate tool
[31m[1mError[22m: Tool "test" is already registered[39m
[36m [2m❯[22m Function.register src/tool/registry.ts:[2m54:23[22m[39m
    [90m 52| [39m        [35mfor[39m ([35mconst[39m t [35mof[39m tools) {
    [90m 53| [39m            [35mif[39m ([35mthis[39m[33m.[39mtools[33m.[39m[34mhas[39m(t[33m.[39mname)) {
    [90m 54| [39m                throw new Error(`Tool "${t.name}" is already registere…
    [90m   | [39m                      [31m^[39m
    [90m 55| [39m            }
    [90m 56| [39m            [35mthis[39m[33m.[39mtools[33m.[39m[35mset[39m(t[33m.[39mname[33m,[39m t)[33m;[39m
[90m [2m❯[22m src/tool/index.test.ts:[2m54:22[22m[39m

[31m[2m⎯⎯⎯⎯⎯⎯⎯⎯⎯⎯⎯⎯⎯⎯⎯⎯⎯⎯⎯⎯⎯⎯⎯⎯[2/7]⎯[22m[39m

[41m[1m FAIL [22m[49m src/tool/index.test.ts[2m > [22mToolRegistry[2m > [22mshould unregister a tool
[31m[1mError[22m: Tool "test" is already registered[39m
[36m [2m❯[22m Function.register src/tool/registry.ts:[2m54:23[22m[39m
    [90m 52| [39m        [35mfor[39m ([35mconst[39m t [35mof[39m tools) {
    [90m 53| [39m            [35mif[39m ([35mthis[39m[33m.[39mtools[33m.[39m[34mhas[39m(t[33m.[39mname)) {
    [90m 54| [39m                throw new Error(`Tool "${t.name}" is already registere…
    [90m   | [39m                      [31m^[39m
    [90m 55| [39m            }
    [90m 56| [39m            [35mthis[39m[33m.[39mtools[33m.[39m[35mset[39m(t[33m.[39mname[33m,[39m t)[33m;[39m
[90m [2m❯[22m src/tool/index.test.ts:[2m61:22[22m[39m

[31m[2m⎯⎯⎯⎯⎯⎯⎯⎯⎯⎯⎯⎯⎯⎯⎯⎯⎯⎯⎯⎯⎯⎯⎯⎯[3/7]⎯[22m[39m

[41m[1m FAIL [22m[49m src/tool/index.test.ts[2m > [22mToolRegistry[2m > [22mshould get all tools
[31m[1mError[22m: Tool "test" is already registered[39m
[36m [2m❯[22m Function.register src/tool/registry.ts:[2m54:23[22m[39m
    [90m 52| [39m        [35mfor[39m ([35mconst[39m t [35mof[39m tools) {
    [90m 53| [39m            [35mif[39m ([35mthis[39m[33m.[39mtools[33m.[39m[34mhas[39m(t[33m.[39mname)) {
    [90m 54| [39m                throw new Error(`Tool "${t.name}" is already registere…
    [90m   | [39m                      [31m^[39m
    [90m 55| [39m            }
    [90m 56| [39m            [35mthis[39m[33m.[39mtools[33m.[39m[35mset[39m(t[33m.[39mname[33m,[39m t)[33m;[39m
[90m [2m❯[22m src/tool/index.test.ts:[2m74:22[22m[39m

[31m[2m⎯⎯⎯⎯⎯⎯⎯⎯⎯⎯⎯⎯⎯⎯⎯⎯⎯⎯⎯⎯⎯⎯⎯⎯[4/7]⎯[22m[39m

[41m[1m FAIL [22m[49m src/tool/index.test.ts[2m > [22mToolRegistry[2m > [22mshould execute tool via registry
[31m[1mError[22m: Tool "test" is already registered[39m
[36m [2m❯[22m Function.register src/tool/registry.ts:[2m54:23[22m[39m
    [90m 52| [39m        [35mfor[39m ([35mconst[39m t [35mof[39m tools) {
    [90m 53| [39m            [35mif[39m ([35mthis[39m[33m.[39mtools[33m.[39m[34mhas[39m(t[33m.[39mname)) {
    [90m 54| [39m                throw new Error(`Tool "${t.name}" is already registere…
    [90m   | [39m                      [31m^[39m
    [90m 55| [39m            }
    [90m 56| [39m            [35mthis[39m[33m.[39mtools[33m.[39m[35mset[39m(t[33m.[39mname[33m,[39m t)[33m;[39m
[90m [2m❯[22m src/tool/index.test.ts:[2m107:22[22m[39m

[31m[2m⎯⎯⎯⎯⎯⎯⎯⎯⎯⎯⎯⎯⎯⎯⎯⎯⎯⎯⎯⎯⎯⎯⎯⎯[5/7]⎯[22m[39m

[41m[1m FAIL [22m[49m src/tool/index.test.ts[2m > [22mToolRegistry[2m > [22mshould return error for invalid args
[31m[1mError[22m: Tool "test" is already registered[39m
[36m [2m❯[22m Function.register src/tool/registry.ts:[2m54:23[22m[39m
    [90m 52| [39m        [35mfor[39m ([35mconst[39m t [35mof[39m tools) {
    [90m 53| [39m            [35mif[39m ([35mthis[39m[33m.[39mtools[33m.[39m[34mhas[39m(t[33m.[39mname)) {
    [90m 54| [39m                throw new Error(`Tool "${t.name}" is already registere…
    [90m   | [39m                      [31m^[39m
    [90m 55| [39m            }
    [90m 56| [39m            [35mthis[39m[33m.[39mtools[33m.[39m[35mset[39m(t[33m.[39mname[33m,[39m t)[33m;[39m
[90m [2m❯[22m src/tool/index.test.ts:[2m122:22[22m[39m

[31m[2m⎯⎯⎯⎯⎯⎯⎯⎯⎯⎯⎯⎯⎯⎯⎯⎯⎯⎯⎯⎯⎯⎯⎯⎯[6/7]⎯[22m[39m

[41m[1m FAIL [22m[49m src/tool/index.test.ts[2m > [22mToolRegistry[2m > [22mshould report correct size
[31m[1mError[22m: Tool "test" is already registered[39m
[36m [2m❯[22m Function.register src/tool/registry.ts:[2m54:23[22m[39m
    [90m 52| [39m        [35mfor[39m ([35mconst[39m t [35mof[39m tools) {
    [90m 53| [39m            [35mif[39m ([35mthis[39m[33m.[39mtools[33m.[39m[34mhas[39m(t[33m.[39mname)) {
    [90m 54| [39m                throw new Error(`Tool "${t.name}" is already registere…
    [90m   | [39m                      [31m^[39m
    [90m 55| [39m            }
    [90m 56| [39m            [35mthis[39m[33m.[39mtools[33m.[39m[35mset[39m(t[33m.[39mname[33m,[39m t)[33m;[39m
[90m [2m❯[22m src/tool/index.test.ts:[2m133:22[22m[39m

[31m[2m⎯⎯⎯⎯⎯⎯⎯⎯⎯⎯⎯⎯⎯⎯⎯⎯⎯⎯⎯⎯⎯⎯⎯⎯[7/7]⎯[22m[39m


[2m Test Files [22m [1m[31m1 failed[39m[22m[90m (1)[39m
[2m      Tests [22m [1m[31m7 failed[39m[22m[2m | [22m[1m[32m6 passed[39m[22m[90m (13)[39m
[2m   Start at [22m 22:48:45
[2m   Duration [22m 779ms[2m (transform 156ms, setup 0ms, collect 477ms, tests 14ms, environment 0ms, prepare 99ms)[22m

